---
source: tests/test.rs
expression: "vec![input, expected]"

---
[
    3,
    2,
]
