---
source: tests/test.rs
expression: "vec![input, expected]"

---
[
    4,
    3,
]
