---
source: tests/test.rs
expression: "vec![input, expected]"

---
[
    0,
    0,
]
