---
source: tests/test.rs
expression: "vec![input, expected]"

---
[
    1,
    1,
]
